// Jest Snapshot v1, https://goo.gl/fbAQLP

exports[`Should render correctly 1`] = `
<div
  className="container page-border"
>
  <h2>
    Welcome to our page
  </h2>
  <p>
    Lorem ipsum dolor, sit amet consectetur adipisicing elit. Doloremque minus similique impedit iste sunt est consequuntur ratione, aperiam nobis quidem. Quo sunt, quia sequi delectus, quaerat ipsa nam hic suscipit.
  </p>
  <p>
    Lorem ipsum dolor, sit amet consectetur adipisicing elit. Doloremque minus similique impedit iste sunt est consequuntur ratione, aperiam nobis quidem. Quo sunt, quia sequi delectus, quaerat ipsa nam hic suscipit.
  </p>
</div>
`;
